
> @nexus/web@0.1.0 build
> next build

npm.cmd :  ÔÜá Warning: Next.js inferred your workspace root, but it may not 
be correct.
No linha:1 caractere:166
+ ... lyContinue; npm.cmd --prefix apps/web run build > build-output.txt 2> ...
+                 ~~~~~~~~~~~~~~~~~~~~~~~~~~~~~~~~~~~~~~~~~~~~~~~~~~~~~~~~~
    + CategoryInfo          : NotSpecified: ( ÔÜá Warning: N...not be correct. 
   :String) [], RemoteException
    + FullyQualifiedErrorId : NativeCommandError
 
 We detected multiple lockfiles and selected the directory of 
C:\Users\super\OneDrive\Documentos\Gest├úo de produ├º├Áes\package-lock.json as 
the root directory.
 To silence this warning, set `outputFileTracingRoot` in your Next.js config, 
or consider removing one of the lockfiles if it's not needed.
   See 
https://nextjs.org/docs/app/api-reference/config/next-config-js/output#caveats 
for more information.
 Detected additional lockfiles: 
   * C:\Users\super\OneDrive\Documentos\Gest├úo de 
produ├º├Áes\nexus-operacional\package-lock.json

   Ôû▓ Next.js 15.5.18
   - Experiments (use with caution):
     ┬À optimizePackageImports

   Creating an optimized production build ...
 Ô£ô Compiled successfully in 83s
   Linting and checking validity of types ...
   Collecting page data ...
   Generating static pages (0/23) ...
   Generating static pages (5/23) 
   Generating static pages (11/23) 
   Generating static pages (17/23) 
 Ô£ô Generating static pages (23/23)
   Finalizing page optimization ...
   Collecting build traces ...
   Exporting (0/2) ...
 Ô£ô Exporting (2/2)

Route (app)                                 Size  First Load JS
Ôöî Ôùï /                                      164 B         106 kB
Ôö£ Ôùï /_not-found                            126 B         103 kB
Ôö£ Ôùï /apresentacoes                          4 kB         107 kB
Ôö£ Ôùï /auditoria                           3.32 kB         106 kB
Ôö£ Ôùï /backups                             3.56 kB         106 kB
Ôö£ Ôùï /configuracoes                         126 B         103 kB
Ôö£ Ôùï /dashboard                           4.33 kB         107 kB
Ôö£ Ôùï /historico                           3.65 kB         106 kB
Ôö£ Ôùï /importacao                           3.8 kB         107 kB
Ôö£ Ôùï /login                               2.88 kB         106 kB
Ôö£ Ôùï /metas                               4.12 kB         107 kB
Ôö£ Ôùï /paradas                             4.42 kB         107 kB
Ôö£ Ôùï /perdas                              4.27 kB         107 kB
Ôö£ Ôùï /producao/p1                           118 B         108 kB
Ôö£ Ôùï /producao/p2                           119 B         108 kB
Ôö£ Ôùï /produtividade                       3.73 kB         106 kB
Ôö£ Ôùï /produtos                            3.89 kB         107 kB
Ôö£ Ôùï /relatorios                          3.42 kB         106 kB
Ôö£ Ôùï /semanas                             4.06 kB         107 kB
Ôö£ Ôùï /sobrepeso                           3.85 kB         107 kB
Ôöö Ôùï /usuarios                            4.04 kB         107 kB
+ First Load JS shared by all             103 kB
  Ôö£ chunks/18-53660a9eae3bd050.js        46.5 kB
  Ôö£ chunks/87c73c54-24122e7b92478d00.js  54.2 kB
  Ôöö other shared chunks (total)          2.02 kB


Ôùï  (Static)  prerendered as static content

